// Jest Snapshot v1, https://goo.gl/fbAQLP

exports[`RootStore constructor should produce valid tree even with empty input object 1`] = `
Object {
  "environment": Object {
    "eperusteetPerusteUrl": "",
    "error": "",
    "isLoading": false,
    "opintopolkuLoginUrl": "",
    "opintopolkuLogoutUrl": "",
    "virkailijaLoginUrl": "",
  },
  "hoks": Object {
    "isLoading": false,
    "suunnitelmat": Array [],
  },
  "isLoading": false,
  "notifications": Object {
    "isLoading": false,
    "notifications": Array [],
  },
  "oppilas": Object {
    "isLoading": false,
    "perusteet": Array [],
  },
  "session": Object {
    "error": "",
    "isLoading": false,
    "selectedOrganisationOid": "",
    "user": null,
    "userDidLogout": false,
  },
  "translations": Object {
    "activeLocale": "fi",
    "isLoading": false,
    "translations": Array [],
  },
  "tyopaikanToimija": Object {
    "isLoading": false,
    "oppijat": Array [],
  },
}
`;
