// Jest Snapshot v1, https://goo.gl/fbAQLP

exports[`RootStore constructor should produce valid tree even with empty input object 1`] = `
Object {
  "environment": Object {
    "eperusteetPerusteUrl": "",
    "error": "",
    "isLoading": false,
    "opintopolkuLoginUrl": "",
    "opintopolkuLogoutUrl": "",
  },
  "isLoading": false,
  "koulutuksenJarjestaja": Object {
    "search": Object {
      "activePage": 0,
      "approvedOnly": false,
      "isLoading": false,
      "perPage": 10,
      "results": Array [
        Object {
          "aloitus": "2017-03-17",
          "hyvaksytty": "2017-03-29",
          "id": 0,
          "nimi": "Tuula Laine",
          "paivitetty": "2017-06-12",
          "tutkinto": "Autoalan perustutkinto",
        },
        Object {
          "aloitus": "2016-06-13",
          "hyvaksytty": "2016-07-08",
          "id": 1,
          "nimi": "Matti Koskinen",
          "paivitetty": "2016-09-20",
          "tutkinto": "Musiikkialan perustutkinto",
        },
        Object {
          "aloitus": "2017-04-01",
          "hyvaksytty": "2017-04-24",
          "id": 2,
          "nimi": "Päivi Korhonen",
          "paivitetty": "2017-07-06",
          "tutkinto": "Autoalan perustutkinto",
        },
        Object {
          "aloitus": "2017-06-09",
          "hyvaksytty": "2017-06-20",
          "id": 3,
          "nimi": "Kari Laine",
          "paivitetty": "2017-10-02",
          "tutkinto": "Liiketoiminnan perustutkinto",
        },
        Object {
          "aloitus": "2016-10-26",
          "hyvaksytty": "2016-11-24",
          "id": 4,
          "nimi": "Matti Järvinen",
          "paivitetty": "2017-02-01",
          "tutkinto": "Autoalan perustutkinto",
        },
        Object {
          "aloitus": "2017-06-04",
          "hyvaksytty": "2017-07-03",
          "id": 5,
          "nimi": "Juha Heikkinen",
          "paivitetty": "2017-09-12",
          "tutkinto": "Autoalan perustutkinto",
        },
        Object {
          "aloitus": "2017-03-19",
          "hyvaksytty": "2017-04-08",
          "id": 6,
          "nimi": "Tuula Laine",
          "paivitetty": "2017-05-19",
          "tutkinto": "Sosiaali- ja terveysalan perustutkinto",
        },
        Object {
          "aloitus": "2017-02-27",
          "hyvaksytty": "2017-03-15",
          "id": 7,
          "nimi": "Juha Virtanen",
          "paivitetty": "2017-05-17",
          "tutkinto": "Autoalan perustutkinto",
        },
        Object {
          "aloitus": "2016-06-27",
          "hyvaksytty": "2016-07-14",
          "id": 8,
          "nimi": "Kari Järvinen",
          "paivitetty": "2016-09-21",
          "tutkinto": "Musiikkialan perustutkinto",
        },
        Object {
          "aloitus": "2017-05-12",
          "hyvaksytty": "2017-06-11",
          "id": 9,
          "nimi": "Timo Koskinen",
          "paivitetty": "2017-07-29",
          "tutkinto": "Sosiaali- ja terveysalan perustutkinto",
        },
        Object {
          "aloitus": "2016-05-09",
          "hyvaksytty": "2016-06-07",
          "id": 10,
          "nimi": "Timo Laine",
          "paivitetty": "2016-07-11",
          "tutkinto": "Autoalan perustutkinto",
        },
        Object {
          "aloitus": "2016-06-06",
          "hyvaksytty": "2016-06-16",
          "id": 11,
          "nimi": "Juha Laine",
          "paivitetty": "2016-08-21",
          "tutkinto": "Autoalan perustutkinto",
        },
        Object {
          "aloitus": "2017-11-15",
          "hyvaksytty": "2017-12-01",
          "id": 12,
          "nimi": "Päivi Hämäläinen",
          "paivitetty": "2018-03-27",
          "tutkinto": "Sosiaali- ja terveysalan perustutkinto",
        },
        Object {
          "aloitus": "2016-07-23",
          "hyvaksytty": "2016-08-01",
          "id": 13,
          "nimi": "Matti Heikkinen",
          "paivitetty": "2016-08-09",
          "tutkinto": "Musiikkialan perustutkinto",
        },
        Object {
          "aloitus": "2017-05-20",
          "hyvaksytty": "2017-06-14",
          "id": 14,
          "nimi": "Päivi Virtanen",
          "paivitetty": "2017-09-24",
          "tutkinto": "Ravintola- ja catering-alan perustutkinto",
        },
        Object {
          "aloitus": "2016-05-14",
          "hyvaksytty": "2016-05-27",
          "id": 15,
          "nimi": "Timo Järvinen",
          "paivitetty": "2016-08-27",
          "tutkinto": "Liiketoiminnan perustutkinto",
        },
        Object {
          "aloitus": "2017-07-24",
          "hyvaksytty": "2017-08-07",
          "id": 16,
          "nimi": "Juha Nieminen",
          "paivitetty": "2017-09-29",
          "tutkinto": "Musiikkialan perustutkinto",
        },
        Object {
          "aloitus": "2017-01-12",
          "hyvaksytty": "2017-02-04",
          "id": 17,
          "nimi": "Tuula Heikkinen",
          "paivitetty": "2017-03-15",
          "tutkinto": "Autoalan perustutkinto",
        },
        Object {
          "aloitus": "2017-02-28",
          "hyvaksytty": "2017-03-28",
          "id": 18,
          "nimi": "Juha Mäkinen",
          "paivitetty": "2017-07-12",
          "tutkinto": "Liiketoiminnan perustutkinto",
        },
        Object {
          "aloitus": "2016-05-25",
          "hyvaksytty": "2016-06-07",
          "id": 19,
          "nimi": "Tuula Järvinen",
          "paivitetty": "2016-06-18",
          "tutkinto": "Liiketoiminnan perustutkinto",
        },
        Object {
          "aloitus": "2017-10-30",
          "hyvaksytty": "2017-11-18",
          "id": 20,
          "nimi": "Antti Hämäläinen",
          "paivitetty": "2018-02-04",
          "tutkinto": "Autoalan perustutkinto",
        },
        Object {
          "aloitus": "2017-03-20",
          "hyvaksytty": "2017-03-27",
          "id": 21,
          "nimi": "Tuula Hämäläinen",
          "paivitetty": "2017-07-06",
          "tutkinto": "Tieto- ja viestintätekniikan perustutkinto",
        },
        Object {
          "aloitus": "2016-11-14",
          "hyvaksytty": "2016-12-08",
          "id": 22,
          "nimi": "Matti Korhonen",
          "paivitetty": "2017-02-25",
          "tutkinto": "Ravintola- ja catering-alan perustutkinto",
        },
        Object {
          "aloitus": "2016-06-06",
          "hyvaksytty": "2016-06-18",
          "id": 23,
          "nimi": "Timo Mäkinen",
          "paivitetty": "2016-08-30",
          "tutkinto": "Autoalan perustutkinto",
        },
        Object {
          "aloitus": "2017-05-29",
          "hyvaksytty": "2017-06-12",
          "id": 24,
          "nimi": "Matti Mäkelä",
          "paivitetty": "2017-07-18",
          "tutkinto": "Musiikkialan perustutkinto",
        },
        Object {
          "aloitus": "2016-07-30",
          "hyvaksytty": "2016-08-11",
          "id": 25,
          "nimi": "Ritva Nieminen",
          "paivitetty": "2016-08-22",
          "tutkinto": "Musiikkialan perustutkinto",
        },
        Object {
          "aloitus": "2016-05-15",
          "hyvaksytty": "2016-06-09",
          "id": 26,
          "nimi": "Ritva Järvinen",
          "paivitetty": "2016-08-20",
          "tutkinto": "Autoalan perustutkinto",
        },
        Object {
          "aloitus": "2016-03-16",
          "hyvaksytty": "2016-03-25",
          "id": 27,
          "nimi": "Matti Hämäläinen",
          "paivitetty": "2016-05-06",
          "tutkinto": "Sosiaali- ja terveysalan perustutkinto",
        },
        Object {
          "aloitus": "2016-04-02",
          "hyvaksytty": "2016-04-13",
          "id": 28,
          "nimi": "Kari Nieminen",
          "paivitetty": "2016-07-21",
          "tutkinto": "Ravintola- ja catering-alan perustutkinto",
        },
        Object {
          "aloitus": "2016-10-29",
          "hyvaksytty": "2016-11-05",
          "id": 29,
          "nimi": "Tuula Mäkelä",
          "paivitetty": "2017-03-03",
          "tutkinto": "Autoalan perustutkinto",
        },
        Object {
          "aloitus": "2017-09-30",
          "hyvaksytty": "2017-10-28",
          "id": 30,
          "nimi": "Antti Virtanen",
          "paivitetty": "2018-02-13",
          "tutkinto": "Tieto- ja viestintätekniikan perustutkinto",
        },
        Object {
          "aloitus": "2017-05-22",
          "hyvaksytty": "2017-06-11",
          "id": 31,
          "nimi": "Matti Mäkelä",
          "paivitetty": "2017-09-16",
          "tutkinto": "Liiketoiminnan perustutkinto",
        },
        Object {
          "aloitus": "2017-08-27",
          "hyvaksytty": "2017-09-10",
          "id": 32,
          "nimi": "Kari Hämäläinen",
          "paivitetty": "2017-12-06",
          "tutkinto": "Autoalan perustutkinto",
        },
        Object {
          "aloitus": "2017-04-29",
          "hyvaksytty": "2017-05-27",
          "id": 33,
          "nimi": "Leena Virtanen",
          "paivitetty": "2017-09-23",
          "tutkinto": "Musiikkialan perustutkinto",
        },
        Object {
          "aloitus": "2016-02-06",
          "hyvaksytty": "2016-02-20",
          "id": 34,
          "nimi": "Kari Virtanen",
          "paivitetty": "2016-03-26",
          "tutkinto": "Liiketoiminnan perustutkinto",
        },
        Object {
          "aloitus": "2017-02-26",
          "hyvaksytty": "2017-03-23",
          "id": 35,
          "nimi": "Timo Virtanen",
          "paivitetty": "2017-06-23",
          "tutkinto": "Musiikkialan perustutkinto",
        },
        Object {
          "aloitus": "2017-11-12",
          "hyvaksytty": "2017-11-29",
          "id": 36,
          "nimi": "Leena Nieminen",
          "paivitetty": "2018-03-12",
          "tutkinto": "Musiikkialan perustutkinto",
        },
        Object {
          "aloitus": "2016-09-10",
          "hyvaksytty": "2016-09-28",
          "id": 37,
          "nimi": "Kari Virtanen",
          "paivitetty": "2016-11-25",
          "tutkinto": "Tieto- ja viestintätekniikan perustutkinto",
        },
        Object {
          "aloitus": "2016-07-03",
          "hyvaksytty": "2016-07-21",
          "id": 38,
          "nimi": "Antti Korhonen",
          "paivitetty": "2016-10-20",
          "tutkinto": "Ravintola- ja catering-alan perustutkinto",
        },
        Object {
          "aloitus": "2016-08-26",
          "hyvaksytty": "2016-09-12",
          "id": 39,
          "nimi": "Päivi Mäkinen",
          "paivitetty": "2016-10-09",
          "tutkinto": "Liiketoiminnan perustutkinto",
        },
        Object {
          "aloitus": "2017-08-06",
          "hyvaksytty": "2017-08-20",
          "id": 40,
          "nimi": "Juha Mäkinen",
          "paivitetty": "2017-08-30",
          "tutkinto": "Tieto- ja viestintätekniikan perustutkinto",
        },
        Object {
          "aloitus": "2016-08-26",
          "hyvaksytty": "2016-09-17",
          "id": 41,
          "nimi": "Leena Nieminen",
          "paivitetty": "2016-12-28",
          "tutkinto": "Autoalan perustutkinto",
        },
        Object {
          "aloitus": "2016-07-06",
          "hyvaksytty": "2016-08-01",
          "id": 42,
          "nimi": "Leena Laine",
          "paivitetty": "2016-09-11",
          "tutkinto": "Tieto- ja viestintätekniikan perustutkinto",
        },
        Object {
          "aloitus": "2017-02-14",
          "hyvaksytty": "2017-02-26",
          "id": 43,
          "nimi": "Anne Virtanen",
          "paivitetty": "2017-04-30",
          "tutkinto": "Autoalan perustutkinto",
        },
        Object {
          "aloitus": "2017-05-31",
          "hyvaksytty": "2017-06-25",
          "id": 44,
          "nimi": "Antti Järvinen",
          "paivitetty": "2017-09-07",
          "tutkinto": "Autoalan perustutkinto",
        },
        Object {
          "aloitus": "2017-12-13",
          "hyvaksytty": "2017-12-28",
          "id": 45,
          "nimi": "Antti Järvinen",
          "paivitetty": "2018-03-02",
          "tutkinto": "Liiketoiminnan perustutkinto",
        },
        Object {
          "aloitus": "2016-06-10",
          "hyvaksytty": "2016-07-07",
          "id": 46,
          "nimi": "Antti Hämäläinen",
          "paivitetty": "2016-08-04",
          "tutkinto": "Autoalan perustutkinto",
        },
        Object {
          "aloitus": "2017-04-07",
          "hyvaksytty": "2017-04-24",
          "id": 47,
          "nimi": "Kari Mäkelä",
          "paivitetty": "2017-06-01",
          "tutkinto": "Liiketoiminnan perustutkinto",
        },
        Object {
          "aloitus": "2016-02-29",
          "hyvaksytty": "2016-03-13",
          "id": 48,
          "nimi": "Antti Korhonen",
          "paivitetty": "2016-06-18",
          "tutkinto": "Autoalan perustutkinto",
        },
        Object {
          "aloitus": "2017-07-08",
          "hyvaksytty": "2017-07-23",
          "id": 49,
          "nimi": "Juha Mäkinen",
          "paivitetty": "2017-10-23",
          "tutkinto": "Sosiaali- ja terveysalan perustutkinto",
        },
        Object {
          "aloitus": "2016-11-21",
          "hyvaksytty": "2016-12-16",
          "id": 50,
          "nimi": "Leena Heikkinen",
          "paivitetty": "2017-03-16",
          "tutkinto": "Tieto- ja viestintätekniikan perustutkinto",
        },
        Object {
          "aloitus": "2017-06-20",
          "hyvaksytty": "2017-07-17",
          "id": 51,
          "nimi": "Anne Virtanen",
          "paivitetty": "2017-08-29",
          "tutkinto": "Liiketoiminnan perustutkinto",
        },
        Object {
          "aloitus": "2017-11-26",
          "hyvaksytty": "2017-12-08",
          "id": 52,
          "nimi": "Antti Korhonen",
          "paivitetty": "2018-02-12",
          "tutkinto": "Sosiaali- ja terveysalan perustutkinto",
        },
        Object {
          "aloitus": "2016-12-03",
          "hyvaksytty": "2016-12-12",
          "id": 53,
          "nimi": "Päivi Nieminen",
          "paivitetty": "2017-01-25",
          "tutkinto": "Sosiaali- ja terveysalan perustutkinto",
        },
        Object {
          "aloitus": "2017-02-18",
          "hyvaksytty": "2017-03-18",
          "id": 54,
          "nimi": "Anne Koskinen",
          "paivitetty": "2017-04-03",
          "tutkinto": "Sosiaali- ja terveysalan perustutkinto",
        },
        Object {
          "aloitus": "2016-10-17",
          "hyvaksytty": "2016-10-25",
          "id": 55,
          "nimi": "Tuula Mäkelä",
          "paivitetty": "2016-12-25",
          "tutkinto": "Ravintola- ja catering-alan perustutkinto",
        },
        Object {
          "aloitus": "2017-07-30",
          "hyvaksytty": "2017-08-22",
          "id": 56,
          "nimi": "Juha Hämäläinen",
          "paivitetty": "2017-11-16",
          "tutkinto": "Liiketoiminnan perustutkinto",
        },
        Object {
          "aloitus": "2017-03-21",
          "hyvaksytty": "2017-04-19",
          "id": 57,
          "nimi": "Ritva Virtanen",
          "paivitetty": "2017-06-08",
          "tutkinto": "Autoalan perustutkinto",
        },
        Object {
          "aloitus": "2017-03-14",
          "hyvaksytty": "2017-04-09",
          "id": 58,
          "nimi": "Anne Mäkinen",
          "paivitetty": "2017-07-03",
          "tutkinto": "Liiketoiminnan perustutkinto",
        },
        Object {
          "aloitus": "2017-10-02",
          "hyvaksytty": "2017-10-27",
          "id": 59,
          "nimi": "Juha Koskinen",
          "paivitetty": "2018-02-23",
          "tutkinto": "Autoalan perustutkinto",
        },
        Object {
          "aloitus": "2017-05-02",
          "hyvaksytty": "2017-05-27",
          "id": 60,
          "nimi": "Tuula Mäkelä",
          "paivitetty": "2017-08-15",
          "tutkinto": "Tieto- ja viestintätekniikan perustutkinto",
        },
        Object {
          "aloitus": "2016-10-12",
          "hyvaksytty": "2016-10-22",
          "id": 61,
          "nimi": "Kari Järvinen",
          "paivitetty": "2017-02-17",
          "tutkinto": "Autoalan perustutkinto",
        },
        Object {
          "aloitus": "2016-02-09",
          "hyvaksytty": "2016-03-04",
          "id": 62,
          "nimi": "Tuula Nieminen",
          "paivitetty": "2016-07-02",
          "tutkinto": "Ravintola- ja catering-alan perustutkinto",
        },
        Object {
          "aloitus": "2017-05-29",
          "hyvaksytty": "2017-06-16",
          "id": 63,
          "nimi": "Ritva Järvinen",
          "paivitetty": "2017-06-24",
          "tutkinto": "Tieto- ja viestintätekniikan perustutkinto",
        },
        Object {
          "aloitus": "2016-09-20",
          "hyvaksytty": "2016-10-15",
          "id": 64,
          "nimi": "Ritva Koskinen",
          "paivitetty": "2017-01-15",
          "tutkinto": "Autoalan perustutkinto",
        },
        Object {
          "aloitus": "2017-12-15",
          "hyvaksytty": "2017-12-29",
          "id": 65,
          "nimi": "Päivi Mäkinen",
          "paivitetty": "2018-03-31",
          "tutkinto": "Tieto- ja viestintätekniikan perustutkinto",
        },
        Object {
          "aloitus": "2017-09-28",
          "hyvaksytty": "2017-10-18",
          "id": 66,
          "nimi": "Timo Laine",
          "paivitetty": "2017-12-16",
          "tutkinto": "Sosiaali- ja terveysalan perustutkinto",
        },
        Object {
          "aloitus": "2017-07-09",
          "hyvaksytty": "2017-07-18",
          "id": 67,
          "nimi": "Juha Järvinen",
          "paivitetty": "2017-08-26",
          "tutkinto": "Ravintola- ja catering-alan perustutkinto",
        },
        Object {
          "aloitus": "2016-06-17",
          "hyvaksytty": "2016-07-03",
          "id": 68,
          "nimi": "Tuula Laine",
          "paivitetty": "2016-08-05",
          "tutkinto": "Ravintola- ja catering-alan perustutkinto",
        },
        Object {
          "aloitus": "2016-12-02",
          "hyvaksytty": "2016-12-16",
          "id": 69,
          "nimi": "Ritva Nieminen",
          "paivitetty": "2017-01-14",
          "tutkinto": "Sosiaali- ja terveysalan perustutkinto",
        },
        Object {
          "aloitus": "2016-11-07",
          "hyvaksytty": "2016-11-22",
          "id": 70,
          "nimi": "Antti Heikkinen",
          "paivitetty": "2017-02-02",
          "tutkinto": "Tieto- ja viestintätekniikan perustutkinto",
        },
        Object {
          "aloitus": "2016-08-17",
          "hyvaksytty": "2016-09-08",
          "id": 71,
          "nimi": "Timo Nieminen",
          "paivitetty": "2016-11-14",
          "tutkinto": "Liiketoiminnan perustutkinto",
        },
        Object {
          "aloitus": "2016-02-25",
          "hyvaksytty": "2016-03-22",
          "id": 72,
          "nimi": "Päivi Laine",
          "paivitetty": "2016-05-16",
          "tutkinto": "Musiikkialan perustutkinto",
        },
        Object {
          "aloitus": "2016-10-29",
          "hyvaksytty": "2016-11-20",
          "id": 73,
          "nimi": "Antti Mäkinen",
          "paivitetty": "2017-01-23",
          "tutkinto": "Ravintola- ja catering-alan perustutkinto",
        },
        Object {
          "aloitus": "2016-02-12",
          "hyvaksytty": "2016-02-25",
          "id": 74,
          "nimi": "Antti Koskinen",
          "paivitetty": "2016-05-23",
          "tutkinto": "Liiketoiminnan perustutkinto",
        },
        Object {
          "aloitus": "2016-05-29",
          "hyvaksytty": "2016-06-15",
          "id": 75,
          "nimi": "Päivi Mäkelä",
          "paivitetty": "2016-08-29",
          "tutkinto": "Liiketoiminnan perustutkinto",
        },
        Object {
          "aloitus": "2016-06-17",
          "hyvaksytty": "2016-06-29",
          "id": 76,
          "nimi": "Leena Mäkinen",
          "paivitetty": "2016-07-16",
          "tutkinto": "Autoalan perustutkinto",
        },
        Object {
          "aloitus": "2016-09-07",
          "hyvaksytty": "2016-10-01",
          "id": 77,
          "nimi": "Antti Mäkelä",
          "paivitetty": "2017-01-21",
          "tutkinto": "Ravintola- ja catering-alan perustutkinto",
        },
        Object {
          "aloitus": "2016-07-10",
          "hyvaksytty": "2016-07-29",
          "id": 78,
          "nimi": "Juha Korhonen",
          "paivitetty": "2016-10-07",
          "tutkinto": "Musiikkialan perustutkinto",
        },
        Object {
          "aloitus": "2016-08-08",
          "hyvaksytty": "2016-08-28",
          "id": 79,
          "nimi": "Päivi Heikkinen",
          "paivitetty": "2016-10-27",
          "tutkinto": "Ravintola- ja catering-alan perustutkinto",
        },
        Object {
          "aloitus": "2017-05-10",
          "hyvaksytty": "2017-06-04",
          "id": 80,
          "nimi": "Ritva Mäkinen",
          "paivitetty": "2017-06-27",
          "tutkinto": "Musiikkialan perustutkinto",
        },
        Object {
          "aloitus": "2016-10-06",
          "hyvaksytty": "2016-11-02",
          "id": 81,
          "nimi": "Juha Järvinen",
          "paivitetty": "2017-02-23",
          "tutkinto": "Musiikkialan perustutkinto",
        },
        Object {
          "aloitus": "2017-04-01",
          "hyvaksytty": "2017-04-29",
          "id": 82,
          "nimi": "Juha Koskinen",
          "paivitetty": "2017-06-20",
          "tutkinto": "Ravintola- ja catering-alan perustutkinto",
        },
        Object {
          "aloitus": "2017-10-10",
          "hyvaksytty": "2017-10-18",
          "id": 83,
          "nimi": "Timo Koskinen",
          "paivitetty": "2017-11-03",
          "tutkinto": "Liiketoiminnan perustutkinto",
        },
        Object {
          "aloitus": "2016-05-04",
          "hyvaksytty": "2016-05-26",
          "id": 84,
          "nimi": "Päivi Virtanen",
          "paivitetty": "2016-06-13",
          "tutkinto": "Ravintola- ja catering-alan perustutkinto",
        },
        Object {
          "aloitus": "2016-05-31",
          "hyvaksytty": "2016-06-17",
          "id": 85,
          "nimi": "Matti Heikkinen",
          "paivitetty": "2016-08-21",
          "tutkinto": "Autoalan perustutkinto",
        },
        Object {
          "aloitus": "2017-03-15",
          "hyvaksytty": "2017-03-31",
          "id": 86,
          "nimi": "Timo Koskinen",
          "paivitetty": "2017-04-16",
          "tutkinto": "Tieto- ja viestintätekniikan perustutkinto",
        },
        Object {
          "aloitus": "2017-07-04",
          "hyvaksytty": "2017-07-22",
          "id": 87,
          "nimi": "Juha Korhonen",
          "paivitetty": "2017-09-15",
          "tutkinto": "Liiketoiminnan perustutkinto",
        },
        Object {
          "aloitus": "2017-09-23",
          "hyvaksytty": "2017-10-22",
          "id": 88,
          "nimi": "Leena Laine",
          "paivitetty": "2017-12-10",
          "tutkinto": "Musiikkialan perustutkinto",
        },
        Object {
          "aloitus": "2017-09-24",
          "hyvaksytty": "2017-10-02",
          "id": 89,
          "nimi": "Päivi Koskinen",
          "paivitetty": "2017-12-13",
          "tutkinto": "Musiikkialan perustutkinto",
        },
        Object {
          "aloitus": "2016-03-17",
          "hyvaksytty": "2016-03-24",
          "id": 90,
          "nimi": "Juha Mäkinen",
          "paivitetty": "2016-06-20",
          "tutkinto": "Ravintola- ja catering-alan perustutkinto",
        },
        Object {
          "aloitus": "2017-05-27",
          "hyvaksytty": "2017-06-14",
          "id": 91,
          "nimi": "Timo Korhonen",
          "paivitetty": "2017-07-29",
          "tutkinto": "Musiikkialan perustutkinto",
        },
        Object {
          "aloitus": "2016-02-10",
          "hyvaksytty": "2016-03-06",
          "id": 92,
          "nimi": "Päivi Järvinen",
          "paivitetty": "2016-06-16",
          "tutkinto": "Sosiaali- ja terveysalan perustutkinto",
        },
        Object {
          "aloitus": "2017-01-22",
          "hyvaksytty": "2017-01-31",
          "id": 93,
          "nimi": "Antti Korhonen",
          "paivitetty": "2017-04-23",
          "tutkinto": "Musiikkialan perustutkinto",
        },
        Object {
          "aloitus": "2016-03-06",
          "hyvaksytty": "2016-03-27",
          "id": 94,
          "nimi": "Antti Korhonen",
          "paivitetty": "2016-07-01",
          "tutkinto": "Liiketoiminnan perustutkinto",
        },
        Object {
          "aloitus": "2017-11-03",
          "hyvaksytty": "2017-12-03",
          "id": 95,
          "nimi": "Tuula Korhonen",
          "paivitetty": "2018-01-22",
          "tutkinto": "Autoalan perustutkinto",
        },
        Object {
          "aloitus": "2016-09-28",
          "hyvaksytty": "2016-10-12",
          "id": 96,
          "nimi": "Kari Laine",
          "paivitetty": "2016-11-27",
          "tutkinto": "Autoalan perustutkinto",
        },
        Object {
          "aloitus": "2016-01-19",
          "hyvaksytty": "2016-02-02",
          "id": 97,
          "nimi": "Ritva Laine",
          "paivitetty": "2016-03-18",
          "tutkinto": "Ravintola- ja catering-alan perustutkinto",
        },
        Object {
          "aloitus": "2016-08-10",
          "hyvaksytty": "2016-08-31",
          "id": 98,
          "nimi": "Anne Hämäläinen",
          "paivitetty": "2016-10-18",
          "tutkinto": "Tieto- ja viestintätekniikan perustutkinto",
        },
        Object {
          "aloitus": "2016-07-13",
          "hyvaksytty": "2016-08-12",
          "id": 99,
          "nimi": "Päivi Korhonen",
          "paivitetty": "2016-11-21",
          "tutkinto": "Autoalan perustutkinto",
        },
      ],
      "searchText": "",
      "sortBy": "nimi",
      "sortDirection": "desc",
    },
  },
  "oppilas": Object {
    "isLoading": false,
    "perusteet": Array [],
  },
  "session": Object {
    "error": "",
    "isLoading": false,
    "user": null,
  },
  "translations": Object {
    "activeLocale": "fi",
    "isLoading": false,
    "translations": Array [],
  },
  "tyopaikanToimija": Object {
    "isLoading": false,
    "oppijat": Array [],
  },
}
`;
