// Jest Snapshot v1, https://goo.gl/fbAQLP

exports[`App renders correctly 1`] = `
<div
  className="css-r44k6v"
>
  <header
    className="css-1c9pu1m"
  >
    <div
      className="css-1bg6mpz"
    >
      <nav
        className="css-1lhzg4m"
      >
        <a
          className="css-fxt1xk"
          href="https://opintopolku.fi/"
        >
          Opintopolku.fi
        </a>
        <a
          className="css-fxt1xk"
          href="https://opintopolku.fi/oma-opintopolku/"
        >
          Oma Opintopolku
        </a>
        <a
          className="css-fxt1xk"
          href="https://eperusteet.opintopolku.fi/"
        >
          ePerusteet
        </a>
        <a
          className="css-qn17of"
          href="/"
        >
          eHOKS
        </a>
      </nav>
    </div>
    <div
      className="css-1xu5u1k"
    >
      <div
        className="css-1oo5bs0"
      >
        <svg
          fill="currentColor"
          height="40"
          size="40"
          stroke="currentColor"
          strokeWidth="0"
          style={
            Object {
              "color": undefined,
            }
          }
          viewBox="0 0 24 24"
          width="40"
        >
          <path
            d="M3 18h18v-2H3v2zm0-5h18v-2H3v2zm0-7v2h18V6H3z"
          />
        </svg>
        <h3>
          Valikko
        </h3>
      </div>
      <div
        className="css-fmwec3"
      >
        eHOKS
      </div>
    </div>
  </header>
  <div
    className="css-abysv6"
  />
  <footer
    className="css-cqueuz"
  >
    <div
      className="css-1twx585"
    >
      <div
        className="css-1dnql38"
      >
        <div
          className="css-1qxls6i"
        >
          <img
            alt="Opintopolku logo"
            className="css-29yp7r"
            src=""
          />
          <div
            className="css-139jliq"
          >
            <a>
              <img
                alt="Twitter"
                className="css-1rcxayq"
                src=""
              />
            </a>
            <a>
              <img
                alt="Facebook"
                className="css-1rcxayq"
                src=""
              />
            </a>
            <a>
              <img
                alt="Instagram"
                className="css-1rcxayq"
                src=""
              />
            </a>
          </div>
        </div>
        <ul
          className="css-1fmvbse"
        >
          <li>
            ePerusteet
          </li>
          <li>
            Mikä on opintopolku
          </li>
          <li>
            Tietoturvaseloste
          </li>
          <li>
            Anna palautetta
          </li>
        </ul>
      </div>
      <div
        className="css-os38x1"
      >
        <div
          className="css-of0swa"
        >
          <img
            alt="Opetus- ja kulttuuriministeriö logo"
            className="css-14qd04p"
            src=""
          />
          <img
            alt="Opetushallitus logo"
            className="css-14qd04p"
            src=""
          />
        </div>
        <div
          className="css-nadzu"
        >
          <p>
            Koulutuksen järjestäjät ja korkeakoulut ylläpitävät tietoja
              koulutuksistaan Opintopolku.fi-palvelussa. Tietojen oikeellisuuden
              voit tarkistaa kyseisestä oppilaitoksesta tai korkeakoulusta.
          </p>
          <div
            className="css-1hgh9qx"
          >
            <div
              className="css-fth9yi"
            >
              <a>
                Suomeksi
              </a>
              <a>
                In English
              </a>
              <a>
                På svenska
              </a>
            </div>
            <div
              className="css-1cmi7g3"
            >
              |
            </div>
            <div
              className="css-hx8h8z"
            >
              <a>
                <img
                  alt="Twitter"
                  className="css-1rcxayq"
                  src=""
                />
              </a>
              <a>
                <img
                  alt="Facebook"
                  className="css-1rcxayq"
                  src=""
                />
              </a>
              <a>
                <img
                  alt="Instagram"
                  className="css-1rcxayq"
                  src=""
                />
              </a>
            </div>
          </div>
        </div>
      </div>
    </div>
  </footer>
</div>
`;
