// Jest Snapshot v1, https://goo.gl/fbAQLP

exports[`App renders correctly 1`] = `
<div
  className="css-1frs77m"
>
  <div
    role="group"
    style={
      Object {
        "outline": "none",
      }
    }
    tabIndex="-1"
  >
    <div>
      <h1>
        Polkuni osaamiseen
      </h1>
      <span>
        Suomi
      </span>
      <a
        href="/learnings"
        onClick={[Function]}
      >
        <div
          className="css-1beqkqv"
        >
           
          Työpaikalla
        </div>
      </a>
      <a
        href="/goals"
        onClick={[Function]}
      >
        <div
          className="css-1beqkqv"
        >
           
          Omat tavoitteeni
        </div>
      </a>
      <a
        href="/studies"
        onClick={[Function]}
      >
        <div
          className="css-1r6i1o0"
        >
          <svg
            attr={
              Object {
                "viewBox": "0 0 12 16",
              }
            }
            fill="currentColor"
            height="1em"
            stroke="currentColor"
            strokeWidth="0"
            style={
              Object {
                "color": undefined,
              }
            }
            viewBox="0 0 12 16"
            width="1em"
          >
            <path
              d="M6.5 0C3.48 0 1 2.19 1 5c0 .92.55 2.25 1 3 1.34 2.25 1.78 2.78 2 4v1h5v-1c.22-1.22.66-1.75 2-4 .45-.75 1-2.08 1-3 0-2.81-2.48-5-5.5-5zm3.64 7.48c-.25.44-.47.8-.67 1.11-.86 1.41-1.25 2.06-1.45 3.23-.02.05-.02.11-.02.17H5c0-.06 0-.13-.02-.17-.2-1.17-.59-1.83-1.45-3.23-.2-.31-.42-.67-.67-1.11C2.44 6.78 2 5.65 2 5c0-2.2 2.02-4 4.5-4 1.22 0 2.36.42 3.22 1.19C10.55 2.94 11 3.94 11 5c0 .66-.44 1.78-.86 2.48zM4 14h5c-.23 1.14-1.3 2-2.5 2s-2.27-.86-2.5-2z"
              fillRule="evenodd"
            />
          </svg>
           
          Tietoa opinnoista
        </div>
      </a>
      <a
        href="/profile"
        onClick={[Function]}
      >
        <div
          className="css-1beqkqv"
        >
           
          Omat tietoni
        </div>
      </a>
      <div
        className="css-1lwwmej"
      >
        <h1
          className="css-1k01i6"
        >
          Viestit
        </h1>
        <div
          className="css-1sg2lsz"
        >
          <div
            className="css-13xm0nm"
            src="https://ui-avatars.com/api/?name=Auli+Ollikainen&size=50"
          />
          <div
            className="css-32huna"
          >
            <h1>
              Auli Ollikainen
            </h1>
            <h2>
              Opinto-ohjaaja
            </h2>
          </div>
          <div
            className="css-1359w2k"
          >
            13:45
          </div>
        </div>
        <div
          className="css-1sg2lsz"
        >
          <div
            className="css-1i531zs"
            src="https://ui-avatars.com/api/?name=Pekka+Pekkola&size=50"
          />
          <div
            className="css-32huna"
          >
            <h1>
              Pekka Pekkola
            </h1>
            <h2>
              Opinto-ohjaaja
            </h2>
          </div>
          <div
            className="css-1359w2k"
          >
            ma 26.2.
          </div>
        </div>
        <div
          className="css-1sg2lsz"
        >
          <div
            className="css-11tj5nx"
            src="https://ui-avatars.com/api/?name=Kirsi+Korhonen&size=50"
          />
          <div
            className="css-32huna"
          >
            <h1>
              Kirsi Korhonen
            </h1>
            <h2>
              Ammattiopettaja
            </h2>
          </div>
          <div
            className="css-1359w2k"
          >
            ma 26.2.
          </div>
        </div>
      </div>
    </div>
  </div>
</div>
`;
